https://feyziyev007.medium.com/how-to-install-openmpi-on-ubuntu-18-04-cluster-2fb3f03bdf61

$ sudo apt install build-essential
$ sudo apt install gcc

Install mysql-client:
$ sudo apt-get install mysql-client
$ sudo apt-get install libmysqlclient-dev

open XAMPP:
$ sudo /opt/lampp/lampp start

Configure MPI:
$ sudo apt-get install flex
$ sudo apt-get install pandoc

$ git clone https://github.com/AnnaLena77/EduMPI.git --recurse-submodules

Needed packages for autogen:
$ sudo apt install autoconf
$ sudo apt install libtool

$ ./autogen.pl
//Cofigure with Analysis, if you want to use the original Open_MPI, don't use the CFLAGS-Parameter!
$ ./configure --prefix=/home/anna-lena/sharefolder/mpi LIBS="-lmongoc-1.0 -lmysqlclient -lpq" --with-pmix=internal CFLAGS="-DENABLE_ANALYSIS=1 -I/usr/local/include/libmongoc-1.0 -I/usr/local/include/libbson-1.0"

./configure --prefix=/home/anna-lena/Desktop/Edu_install --with-pmix=internal --with-libdev=internal --with-hwloc=internal --with-prrte=internal LIBS="-lpq" CFLAGS="-DENABLE_ANALYSIS=1"


Make MPI:
$ sudo make all install

$ sudo ldconfig

Compile and run MPI-Program:
$ mpicc mpitest.c -o mpitest
$ mpirun -n 2 --oversubscribe ./mpitest

/home/anna-lena/sharefolder/mpi/bin/mpirun -np 24 --hostfile /home/anna-lena/sharefolder/my_hosts ./osu_allgather



------------MONGO DB-------------------------------

apt-get install libmongoc-1.0-0

sudo apt-get install cmake libssl-dev libsasl2-dev

wget https://github.com/mongodb/mongo-c-driver/releases/download/1.23.1/mongo-c-driver-1.23.1.tar.gz

tar xzf mongo-c-driver-1.23.1.tar.gz

cd mongo-c-driver-1.23.1

mkdir cmake-build

cd cmake-build

cmake -DENABLE_AUTOMATIC_INIT_AND_CLEANUP=OFF ..

cmake --build .

sudo cmake --build . --target install

if following error occurs while running an application: error "while loading shared libraries: libmongoc-1.0.so.0: cannot open shared object file: No such file or directory" --> Install newest version of clang: 
sudo apt get install clang

-----------------PostgresSQL / TimescaleDB --------------------

sudo apt-get install libpq-dev

nix-shell -p autoconf automake libtool
nix-shell -p stdenv flex_2_5_35 pandoc git postgresql.lib python3
nix-shell -p postgresql postgresql.lib pkg-config

nix-shell -p autoconf automake perl gnumake stdenv zlib python3 libtool flex hwloc munge numactl libbfd libiberty postgresql postgresql.lib pkg-config



